
> web-crawler@1.0.0 start
> tsx ./src/index.ts https://calebpirkle.com/ 10 20

starting crawl of: https://calebpirkle.com/...
VISITED SIZE:  1
crawling page... calebpirkle.com
fetching HTML for:  https://calebpirkle.com/
extracting page data for URL:  https://calebpirkle.com/
VISITED SIZE:  2
crawling page... calebpirkle.com/services
fetching HTML for:  https://calebpirkle.com/services/
VISITED SIZE:  3
crawling page... calebpirkle.com/contact
fetching HTML for:  https://calebpirkle.com/contact/
VISITED SIZE:  4
crawling page... calebpirkle.com/faq
fetching HTML for:  https://calebpirkle.com/faq/
extracting page data for URL:  https://calebpirkle.com/services/
VISITED SIZE:  5
crawling page... calebpirkle.com/services/services
fetching HTML for:  https://calebpirkle.com/services/services/
VISITED SIZE:  6
crawling page... calebpirkle.com/checkout
fetching HTML for:  https://calebpirkle.com/checkout/
Got HTTP error: 404 Not Found https://calebpirkle.com/faq/
html is empty
extracting page data for URL:  https://calebpirkle.com/contact/
VISITED SIZE:  7
crawling page... calebpirkle.com/frequently-asked-questions.html
fetching HTML for:  https://calebpirkle.com/frequently-asked-questions.html
Got HTTP error: 404 Not Found https://calebpirkle.com/services/services/
html is empty
extracting page data for URL:  https://calebpirkle.com/checkout/
Got HTTP error: 404 Not Found https://calebpirkle.com/frequently-asked-questions.html
html is empty
crawl_total: 700.936ms
Map(7) {
  'calebpirkle.com' => 18,
  'calebpirkle.com/services' => 11,
  'calebpirkle.com/contact' => 13,
  'calebpirkle.com/faq' => 3,
  'calebpirkle.com/services/services' => 1,
  'calebpirkle.com/checkout' => 4,
  'calebpirkle.com/frequently-asked-questions.html' => 1
}
